<html>
<body>
<pre>
<h1>µVision Build Log</h1>
<h2>Tool Versions:</h2>
IDE-Version: ¦ÌVision V5.39.0.0
Copyright (C) 2023 ARM Ltd and ARM Germany GmbH. All rights reserved.
License Information: HalfSweet HalfSweet
HalfSweet
User-based license: Keil MDK Community
Valid until: Jun 1 2033. Cached until: Jan 1 2024
 
Tool Versions:
Toolchain:       Keil MDK Community  Version: 5.39.0.0
Toolchain Path:  C:\Keil_v5\ARM\ARMCC\Bin
C Compiler:      Armcc.exe V5.06 update 7 (build 960)
Assembler:       Armasm.exe V5.06 update 7 (build 960)
Linker/Locator:  ArmLink.exe V5.06 update 7 (build 960)
Library Manager: ArmAr.exe V5.06 update 7 (build 960)
Hex Converter:   FromElf.exe V5.06 update 7 (build 960)
CPU DLL:         SARMCM3.DLL V5.39.0.0
Dialog DLL:      DARMCM1.DLL V1.19.6.0
Target DLL:      CMSIS_AGDI.dll V1.33.16.0
Dialog DLL:      TARMCM1.DLL V1.14.6.0
 
<h2>Project:</h2>
D:\PY-MCU×ÊÁÏ-230410\Library and Examples\PY32F0xx_Firmware_V1.1.3\Projects\PY32F030-STK\Example\USART\USART_HyperTerminal_IT\MDK-ARM\Project.uvprojx
Project File Date:  12/27/2023

<h2>Output:</h2>
*** Warning: The configured compiler version '5.06 update 7 (build 960)' does not support the selected User Based Licensing technology.
*** Using Compiler 'V5.06 update 7 (build 960)', folder: 'C:\Keil_v5\ARM\ARMCC\Bin'
Build target 'Project'
assembling startup_py32f030xx.s...
compiling py32f0xx_it.c...
compiling main.c...
compiling py32f030xx_Start_Kit.c...
compiling py32f0xx_hal.c...
compiling py32f0xx_hal_gpio.c...
compiling system_py32f0xx.c...
compiling py32f0xx_hal_msp.c...
compiling py32f0xx_hal_dma.c...
compiling py32f0xx_hal_pwr.c...
compiling py32f0xx_hal_rcc_ex.c...
compiling py32f0xx_hal_rcc.c...
compiling py32f0xx_hal_flash.c...
compiling py32f0xx_hal_cortex.c...
compiling py32f0xx_hal_uart.c...
linking...
Program Size: Code=4016 RO-data=352 RW-data=236 ZI-data=1180  
FromELF: creating hex file...
".\Output\Debug\Project.axf" - 0 Error(s), 0 Warning(s).

<h2>Software Packages used:</h2>

Package Vendor: ARM
                http://www.keil.com/pack/ARM.CMSIS.5.9.0.pack
                ARM::CMSIS@5.9.0
                CMSIS (Common Microcontroller Software Interface Standard)
   * Component: CORE Version: 5.6.0

Package Vendor: Puya
                https://www.puyasemi.com/uploadfiles/Puya.PY32F0xx_DFP.1.2.0.pack
                Puya::PY32F0xx_DFP@1.2.0
                Puya PY32F0 Series Device Support

<h2>Collection of Component include folders:</h2>
  ./RTE/_Project
  C:/Users/HalfSweet/AppData/Local/Arm/Packs/ARM/CMSIS/5.9.0/CMSIS/Core/Include
  C:/Users/HalfSweet/AppData/Local/Arm/Packs/Puya/PY32F0xx_DFP/1.2.0/Drivers/CMSIS/Device/Puya/PY32F0xx/Include

<h2>Collection of Component Files used:</h2>

   * Component: ARM::CMSIS:CORE@5.6.0
Build Time Elapsed:  00:00:01
</pre>
</body>
</html>
