<html>
<body>
<pre>
<h1>µVision Build Log</h1>
<h2>Tool Versions:</h2>
IDE-Version: ¦ÌVision V5.41.0.0
Copyright (C) 2024 ARM Ltd and ARM Germany GmbH. All rights reserved.
License Information: zhengya a a Flex license: MDK Essential 5.41 (Flex): 10 user(s) (mdk_essential) Support: Jun 2026
 
Tool Versions:
Toolchain:       MDK Essential 5.41 (Flex): 10 user(s)  Version: 5.41.0.0
Toolchain Path:  D:\Keil_v541\ARM\ARMCC\Bin
C Compiler:      Armcc.exe V5.06 update 7 (build 960)
Assembler:       Armasm.exe V5.06 update 7 (build 960)
Linker/Locator:  ArmLink.exe V5.06 update 7 (build 960)
Library Manager: ArmAr.exe V5.06 update 7 (build 960)
Hex Converter:   FromElf.exe V5.06 update 7 (build 960)
CPU DLL:         SARMCM3.DLL V5.41.0.0
Dialog DLL:      DARMCM1.DLL V1.19.6.0
Target DLL:      CMSIS_AGDI.dll V1.33.21.0
Dialog DLL:      TARMCM1.DLL V1.14.6.0
 
<h2>Project:</h2>
D:\SVN\PT061\A14_Product\SDK\PY32_Firmware\Branches\PY32F002A\Projects\PY32F002A-STK\Example\TIM1\TIM1_ARR\MDK-ARM\Project.uvprojx
Project File Date:  08/14/2025

<h2>Output:</h2>
*** Using Compiler 'V5.06 update 7 (build 960)', folder: 'D:\Keil_v541\ARM\ARMCC\Bin'
Rebuild target 'Project'
assembling startup_py32f002xx.s...
compiling main.c...
compiling py32f0xx_hal.c...
compiling system_py32f0xx.c...
compiling py32f002xx_Start_Kit.c...
compiling py32f0xx_hal_pwr.c...
compiling py32f0xx_hal_msp.c...
compiling py32f0xx_hal_gpio.c...
compiling py32f0xx_it.c...
compiling py32f0xx_hal_uart.c...
compiling py32f0xx_hal_rcc.c...
compiling py32f0xx_hal_cortex.c...
compiling py32f0xx_hal_rcc_ex.c...
compiling py32f0xx_hal_tim_ex.c...
compiling py32f0xx_hal_tim.c...
linking...
Program Size: Code=3600 RO-data=380 RW-data=220 ZI-data=1060  
FromELF: creating hex file...
".\Output\TIM1_ARR.axf" - 0 Error(s), 0 Warning(s).

<h2>Software Packages used:</h2>

Package Vendor: ARM
                https://www.keil.com/pack/ARM.CMSIS.6.1.0.pack
                ARM::CMSIS@6.1.0
                CMSIS (Common Microcontroller Software Interface Standard)
   * Component: CORE Version: 6.1.0

Package Vendor: Puya
                https://www.puyasemi.com/uploadfiles/Puya.PY32F0xx_DFP.1.2.8.pack
                Puya::PY32F0xx_DFP@1.2.8
                Puya PY32F0 Series Device Support

<h2>Collection of Component include folders:</h2>
  ./RTE/_Project
  D:/Keil_v541/ARM/Packs/ARM/CMSIS/6.1.0/CMSIS/Core/Include
  D:/Keil_v541/ARM/Packs/Puya/PY32F0xx_DFP/1.2.8/Drivers/CMSIS/Device/PY32F0xx/Include

<h2>Collection of Component Files used:</h2>

   * Component: ARM::CMSIS:CORE@6.1.0
Build Time Elapsed:  00:00:02
</pre>
</body>
</html>
