<html>
<body>
<pre>
<h1>µVision Build Log</h1>
<h2>Tool Versions:</h2>
IDE-Version: ¦ÌVision V5.38.0.0
Copyright (C) 2022 ARM Ltd and ARM Germany GmbH. All rights reserved.
License Information: HalfSweet HalfSweet
HalfSweet
User-based license: Keil MDK Community
Valid until: Jun 1 2033. Cached until: Sep 10 2023
 
Tool Versions:
Toolchain:       Keil MDK Community  Version: 5.38.0.0
Toolchain Path:  C:\Keil_v5\ARM\ARMCLANG\Bin
C Compiler:      ArmClang.exe V6.19
Assembler:       Armasm.exe V6.19
Linker/Locator:  ArmLink.exe V6.19
Library Manager: ArmAr.exe V6.19
Hex Converter:   FromElf.exe V6.19
CPU DLL:         SARMCM3.DLL V5.38.0.0
Dialog DLL:      DARMCM1.DLL V1.19.6.0
Target DLL:      CMSIS_AGDI.dll V1.33.15.0
Dialog DLL:      TARMCM1.DLL V1.14.6.0
 
<h2>Project:</h2>
D:\PY-MCU×ÊÁÏ-230410\Library and Examples\PY32F0xx_Firmware_V1.1.3\Projects\PY32F030-STK\Example_LL\CRC\CRC_CalculateCheckValue\MDK-ARM\Project.uvprojx
Project File Date:  09/03/2023

<h2>Output:</h2>
*** Using Compiler 'V6.19', folder: 'C:\Keil_v5\ARM\ARMCLANG\Bin'
Build target 'Project'
assembling startup_py32f030xx.s...
warning: unknown warning option '-Wno-reserved-identifier'; did you mean '-Wno-reserved-id-macro'? [-Wunknown-warning-option]
1 warning generated.
compiling system_py32f0xx.c...
warning: unknown warning option '-Wno-reserved-identifier'; did you mean '-Wno-reserved-id-macro'? [-Wunknown-warning-option]
1 warning generated.
compiling py32f0xx_it.c...
warning: unknown warning option '-Wno-reserved-identifier'; did you mean '-Wno-reserved-id-macro'? [-Wunknown-warning-option]
1 warning generated.
compiling py32f0xx_ll_utils.c...
warning: unknown warning option '-Wno-reserved-identifier'; did you mean '-Wno-reserved-id-macro'? [-Wunknown-warning-option]
1 warning generated.
compiling main.c...
warning: unknown warning option '-Wno-reserved-identifier'; did you mean '-Wno-reserved-id-macro'? [-Wunknown-warning-option]
1 warning generated.
compiling py32f030xx_ll_Start_Kit.c...
linking...
Program Size: Code=804 RO-data=680 RW-data=204 ZI-data=1036  
FromELF: creating hex file...
".\Objects\Project.axf" - 0 Error(s), 5 Warning(s).

<h2>Software Packages used:</h2>

Package Vendor: Puya
                https://www.puyasemi.com/Puya.PY32F0xx_DFP.1.1.9.pack
                Puya.PY32F0xx_DFP.1.1.9
                Puya PY32F0 Series Device Support

<h2>Collection of Component include folders:</h2>
  C:/Users/HalfSweet/AppData/Local/Arm/Packs/Puya/PY32F0xx_DFP/1.1.9/Device/Include

<h2>Collection of Component Files used:</h2>
Build Time Elapsed:  00:00:01
</pre>
</body>
</html>
